capture	Seed an example profile and capture CarPlay	﻿2026-09-15T12:43:20.1419040Z ##[group]Run caffeinate -diu bash scripts/carplay-capture/capture.sh
capture	Seed an example profile and capture CarPlay	2026-09-15T12:43:20.1419850Z ^[[36;1mcaffeinate -diu bash scripts/carplay-capture/capture.sh^[[0m
capture	Seed an example profile and capture CarPlay	2026-09-15T12:43:20.4484360Z shell: /bin/bash -e {0}
capture	Seed an example profile and capture CarPlay	2026-09-15T12:43:20.4484880Z env:
capture	Seed an example profile and capture CarPlay	2026-09-15T12:43:20.4485100Z   CARPLAY_DISPLAY_VARIANT: wide
capture	Seed an example profile and capture CarPlay	2026-09-15T12:43:20.4485520Z   CARPLAY_DEVICE_ID: 0B7C4EDF-27A5-4923-B51F-2516745888C1
capture	Seed an example profile and capture CarPlay	2026-09-15T12:43:20.4485800Z   CARPLAY_CAPTURE_MODE: results
capture	Seed an example profile and capture CarPlay	2026-09-15T12:43:20.4486130Z   CARPLAY_REUSE_DIR: CarPlay-Reuse
capture	Seed an example profile and capture CarPlay	2026-09-15T12:43:20.4486620Z   CARPLAY_REUSE_SHA256: a585a0ab7558aa0a4a6dbe20cf6d900c66fd118c38ad76b0f900ffd71df28329
capture	Seed an example profile and capture CarPlay	2026-09-15T12:43:20.4487030Z ##[endgroup]
capture	Seed an example profile and capture CarPlay	2026-09-15T12:43:20.7890540Z Reusing verified main build from https://github.com/nellesf/nextStop/actions/runs/34938078711; archive SHA-256 a585a0ab7558aa0a4a6dbe20cf6d900c66fd118c38ad76b0f900ffd71df28329.
capture	Seed an example profile and capture CarPlay	2026-09-15T12:43:21.1122510Z Verified CarPlay charging entitlement directly in built simulator Mach-O section.
capture	Seed an example profile and capture CarPlay	2026-09-15T12:43:21.2775700Z ['xcrun', 'simctl', 'install', '0B7C4EDF-27A5-4923-B51F-2516745888C1', 'CarPlayDerivedData/Build/Products/Debug-iphonesimulator/NextStopApp.app']
capture	Seed an example profile and capture CarPlay	2026-09-15T12:43:54.8304680Z ['xcrun', 'simctl', 'privacy', '0B7C4EDF-27A5-4923-B51F-2516745888C1', 'grant', 'location-always', 'de.nextstop.app']
capture	Seed an example profile and capture CarPlay	2026-09-15T12:44:04.2753080Z ['xcrun', 'simctl', 'location', '0B7C4EDF-27A5-4923-B51F-2516745888C1', 'set', '49.4521,11.0767']
capture	Seed an example profile and capture CarPlay	2026-09-15T12:44:07.9065560Z ['xcrun', 'simctl', 'get_app_container', '0B7C4EDF-27A5-4923-B51F-2516745888C1', 'de.nextstop.app', 'data']
capture	Seed an example profile and capture CarPlay	2026-09-15T12:45:24.6262020Z XCTest app container changed: /Users/runner/Library/Developer/CoreSimulator/Devices/0B7C4EDF-27A5-4923-B51F-2516745888C1/data/Containers/Data/Application/E6D8B240-E773-4299-B036-27AA81E10A77 -> /Users/runner/Library/Developer/CoreSimulator/Devices/0B7C4EDF-27A5-4923-B51F-2516745888C1/data/Containers/Data/Application/73A808DB-29F2-41AF-B7A6-13B1EF27E8ED
capture	Seed an example profile and capture CarPlay	2026-09-15T12:45:40.0282170Z ['xcrun', 'simctl', 'privacy', '0B7C4EDF-27A5-4923-B51F-2516745888C1', 'grant', 'location-always', 'de.nextstop.app']
capture	Seed an example profile and capture CarPlay	2026-09-15T12:45:40.6017480Z Hosted capture phase: {'action': 'click', 'display': 'external', 'expected': [], 'label': 'nextStop', 'ownerApp': 'nextStop', 'phase': 'waiting-for-carplay'}
capture	Seed an example profile and capture CarPlay	2026-09-15T12:45:40.6029310Z ['xcrun', 'simctl', 'io', '0B7C4EDF-27A5-4923-B51F-2516745888C1', 'screenshot', '--display=external', 'CarPlay-Captures/diagnostic-app-icon-0.png']
capture	Seed an example profile and capture CarPlay	2026-09-15T12:45:41.9673200Z ['/Users/runner/work/_temp/nextstop-screen-text', 'CarPlay-Captures/diagnostic-app-icon-0.png']
capture	Seed an example profile and capture CarPlay	2026-09-15T12:45:44.9500430Z ['osascript', '-e', '\ntell application "System Events" to tell process "Simulator"\n    set frontmost to true\n    set captureWindow to first window whose name ends with " – CarPlay"\n    perform action "AXRaise" of captureWindow\n    set windowPosition to position of captureWindow\n    set windowSize to size of captureWindow\n    return (item 1 of windowPosition as text) & "|" & (item 2 of windowPosition as text) & "|" & (item 1 of windowSize as text) & "|" & (item 2 of windowSize as text)\nend tell\n']
capture	Seed an example profile and capture CarPlay	2026-09-15T12:45:47.0124540Z ['screencapture', '-x', 'CarPlay-Captures/diagnostic-host-click-1.png']
capture	Seed an example profile and capture CarPlay	2026-09-15T12:45:48.2791180Z ['/Users/runner/work/_temp/nextstop-screen-text', 'CarPlay-Captures/diagnostic-host-click-1.png']
capture	Seed an example profile and capture CarPlay	2026-09-15T12:45:51.5034500Z ['/Users/runner/work/_temp/nextstop-screen-text', 'display']
capture	Seed an example profile and capture CarPlay	2026-09-15T12:45:51.5336150Z ['osascript', '-l', 'JavaScript', 'scripts/carplay-capture/mouse.jxa', '603', '174']
capture	Seed an example profile and capture CarPlay	2026-09-15T12:45:52.8717070Z ['screencapture', '-x', '-C', 'CarPlay-Captures/diagnostic-host-after-click-1.png']
capture	Seed an example profile and capture CarPlay	2026-09-15T12:45:55.3104190Z ['xcrun', 'simctl', 'io', '0B7C4EDF-27A5-4923-B51F-2516745888C1', 'screenshot', '--display=external', 'CarPlay-Captures/diagnostic-external-0-0.png']
capture	Seed an example profile and capture CarPlay	2026-09-15T12:46:05.6150980Z ['/Users/runner/work/_temp/nextstop-screen-text', 'CarPlay-Captures/diagnostic-external-0-0.png']
capture	Seed an example profile and capture CarPlay	2026-09-15T12:46:10.4748730Z ['xcrun', 'simctl', 'io', '0B7C4EDF-27A5-4923-B51F-2516745888C1', 'screenshot', '--display=external', 'CarPlay-Captures/diagnostic-external-0-0.png']
capture	Seed an example profile and capture CarPlay	2026-09-15T12:46:11.4578190Z ['/Users/runner/work/_temp/nextstop-screen-text', 'CarPlay-Captures/diagnostic-external-0-0.png']
capture	Seed an example profile and capture CarPlay	2026-09-15T12:46:28.5352270Z Hosted capture phase: {'display': 'external', 'expected': ['Passende Ladestopps', 'Ladepunkte', 'Fahrstrecke'], 'file': 'carplay-results.png', 'ownerApp': 'nextStop', 'phase': 'carplay-results'}
capture	Seed an example profile and capture CarPlay	2026-09-15T12:46:28.8604130Z ['xcrun', 'simctl', 'io', '0B7C4EDF-27A5-4923-B51F-2516745888C1', 'screenshot', '--display=external', 'CarPlay-Captures/diagnostic-carplay-results-1.png']
capture	Seed an example profile and capture CarPlay	2026-09-15T12:46:35.6009520Z ['/Users/runner/work/_temp/nextstop-screen-text', 'CarPlay-Captures/diagnostic-carplay-results-1.png']
capture	Seed an example profile and capture CarPlay	2026-09-15T12:46:40.1600260Z ['xcrun', 'simctl', 'io', '0B7C4EDF-27A5-4923-B51F-2516745888C1', 'screenshot', '--display=external', 'CarPlay-Captures/carplay-results.png']
capture	Seed an example profile and capture CarPlay	2026-09-15T12:46:41.9527020Z ['/Users/runner/work/_temp/nextstop-screen-text', 'CarPlay-Captures/carplay-results.png']
capture	Seed an example profile and capture CarPlay	2026-09-15T12:46:43.9247790Z Hosted capture phase: {'display': 'external', 'expected': ['Ladeanbieter', 'Zum Restaurant'], 'file': 'carplay-result-actions.png', 'ownerApp': 'nextStop', 'phase': 'carplay-result-actions'}
capture	Seed an example profile and capture CarPlay	2026-09-15T12:46:43.9488660Z ['xcrun', 'simctl', 'io', '0B7C4EDF-27A5-4923-B51F-2516745888C1', 'screenshot', '--display=external', 'CarPlay-Captures/diagnostic-before-result-selection.png']
capture	Seed an example profile and capture CarPlay	2026-09-15T12:46:44.6863000Z ['/Users/runner/work/_temp/nextstop-screen-text', 'CarPlay-Captures/diagnostic-before-result-selection.png']
capture	Seed an example profile and capture CarPlay	2026-09-15T12:46:46.5689900Z ['osascript', '-e', '\ntell application "System Events" to tell process "Simulator"\n    set frontmost to true\n    set captureWindow to first window whose name ends with " – CarPlay"\n    perform action "AXRaise" of captureWindow\n    set windowPosition to position of captureWindow\n    set windowSize to size of captureWindow\n    return (item 1 of windowPosition as text) & "|" & (item 2 of windowPosition as text) & "|" & (item 1 of windowSize as text) & "|" & (item 2 of windowSize as text)\nend tell\n']
capture	Seed an example profile and capture CarPlay	2026-09-15T12:46:48.0874830Z ['screencapture', '-x', 'CarPlay-Captures/diagnostic-host-click-2.png']
capture	Seed an example profile and capture CarPlay	2026-09-15T12:46:48.6943220Z ['/Users/runner/work/_temp/nextstop-screen-text', 'CarPlay-Captures/diagnostic-host-click-2.png']
capture	Seed an example profile and capture CarPlay	2026-09-15T12:46:51.2147930Z ['/Users/runner/work/_temp/nextstop-screen-text', 'display']
capture	Seed an example profile and capture CarPlay	2026-09-15T12:46:51.3021470Z ['osascript', '-l', 'JavaScript', 'scripts/carplay-capture/mouse.jxa', '164', '240']
capture	Seed an example profile and capture CarPlay	2026-09-15T12:46:52.5936200Z ['screencapture', '-x', '-C', 'CarPlay-Captures/diagnostic-host-after-click-2.png']
capture	Seed an example profile and capture CarPlay	2026-09-15T12:46:54.9879290Z ['xcrun', 'simctl', 'io', '0B7C4EDF-27A5-4923-B51F-2516745888C1', 'screenshot', '--display=external', 'CarPlay-Captures/diagnostic-carplay-result-actions-1.png']
capture	Seed an example profile and capture CarPlay	2026-09-15T12:46:57.5124860Z ['/Users/runner/work/_temp/nextstop-screen-text', 'CarPlay-Captures/diagnostic-carplay-result-actions-1.png']
capture	Seed an example profile and capture CarPlay	2026-09-15T12:47:01.4040700Z ['xcrun', 'simctl', 'io', '0B7C4EDF-27A5-4923-B51F-2516745888C1', 'screenshot', '--display=external', 'CarPlay-Captures/diagnostic-carplay-result-actions-2.png']
capture	Seed an example profile and capture CarPlay	2026-09-15T12:47:02.1067010Z ['/Users/runner/work/_temp/nextstop-screen-text', 'CarPlay-Captures/diagnostic-carplay-result-actions-2.png']
capture	Seed an example profile and capture CarPlay	2026-09-15T12:47:05.7796630Z ['xcrun', 'simctl', 'io', '0B7C4EDF-27A5-4923-B51F-2516745888C1', 'screenshot', '--display=external', 'CarPlay-Captures/carplay-result-actions.png']
capture	Seed an example profile and capture CarPlay	2026-09-15T12:47:06.2145760Z ['/Users/runner/work/_temp/nextstop-screen-text', 'CarPlay-Captures/carplay-result-actions.png']
capture	Seed an example profile and capture CarPlay	2026-09-15T12:47:08.6813450Z Hosted capture phase: {'action': 'click', 'display': 'external', 'expected': [], 'label': 'Ladeanbieter', 'ownerApp': 'nextStop', 'phase': 'carplay-open-charging-places'}
capture	Seed an example profile and capture CarPlay	2026-09-15T12:47:08.6825590Z ['osascript', '-e', '\ntell application "System Events" to tell process "Simulator"\n    set frontmost to true\n    set captureWindow to first window whose name ends with " – CarPlay"\n    perform action "AXRaise" of captureWindow\n    set windowPosition to position of captureWindow\n    set windowSize to size of captureWindow\n    return (item 1 of windowPosition as text) & "|" & (item 2 of windowPosition as text) & "|" & (item 1 of windowSize as text) & "|" & (item 2 of windowSize as text)\nend tell\n']
capture	Seed an example profile and capture CarPlay	2026-09-15T12:47:10.0645370Z ['screencapture', '-x', 'CarPlay-Captures/diagnostic-host-click-3.png']
capture	Seed an example profile and capture CarPlay	2026-09-15T12:47:10.5272480Z ['/Users/runner/work/_temp/nextstop-screen-text', 'CarPlay-Captures/diagnostic-host-click-3.png']
capture	Seed an example profile and capture CarPlay	2026-09-15T12:47:13.9388720Z ['/Users/runner/work/_temp/nextstop-screen-text', 'display']
capture	Seed an example profile and capture CarPlay	2026-09-15T12:47:13.9696560Z ['osascript', '-l', 'JavaScript', 'scripts/carplay-capture/mouse.jxa', '204', '290']
capture	Seed an example profile and capture CarPlay	2026-09-15T12:47:14.5830770Z ['screencapture', '-x', '-C', 'CarPlay-Captures/diagnostic-host-after-click-3.png']
capture	Seed an example profile and capture CarPlay	2026-09-15T12:47:17.5939270Z Hosted capture phase: {'display': 'external', 'expected': ['Ladeanbieter', 'Ladepunkte'], 'file': 'carplay-charging-places.png', 'ownerApp': 'nextStop', 'phase': 'carplay-charging-places'}
capture	Seed an example profile and capture CarPlay	2026-09-15T12:47:17.6041150Z ['xcrun', 'simctl', 'io', '0B7C4EDF-27A5-4923-B51F-2516745888C1', 'screenshot', '--display=external', 'CarPlay-Captures/diagnostic-carplay-charging-places-1.png']
capture	Seed an example profile and capture CarPlay	2026-09-15T12:47:19.9720140Z ['/Users/runner/work/_temp/nextstop-screen-text', 'CarPlay-Captures/diagnostic-carplay-charging-places-1.png']
capture	Seed an example profile and capture CarPlay	2026-09-15T12:47:24.7008380Z ['xcrun', 'simctl', 'io', '0B7C4EDF-27A5-4923-B51F-2516745888C1', 'screenshot', '--display=external', 'CarPlay-Captures/carplay-charging-places.png']
capture	Seed an example profile and capture CarPlay	2026-09-15T12:47:27.0599080Z ['/Users/runner/work/_temp/nextstop-screen-text', 'CarPlay-Captures/carplay-charging-places.png']
capture	Seed an example profile and capture CarPlay	2026-09-15T12:47:29.6706830Z Hosted capture phase: {'action': 'activate-app', 'display': 'internal', 'expected': [], 'ownerApp': 'nextStop', 'phase': 'activate-iphone'}
capture	Seed an example profile and capture CarPlay	2026-09-15T12:47:29.6810210Z ['xcrun', 'simctl', 'launch', '0B7C4EDF-27A5-4923-B51F-2516745888C1', 'de.nextstop.app']
capture	Seed an example profile and capture CarPlay	2026-09-15T12:47:39.4303650Z Hosted capture phase: {'display': 'internal', 'expected': ['Passende Ladestopps', "McDonald's", 'Ladepunkte'], 'file': 'iphone-results.png', 'ownerApp': 'nextStop', 'phase': 'iphone-results'}
capture	Seed an example profile and capture CarPlay	2026-09-15T12:47:39.4433430Z ['xcrun', 'simctl', 'io', '0B7C4EDF-27A5-4923-B51F-2516745888C1', 'screenshot', '--display=internal', 'CarPlay-Captures/diagnostic-iphone-results-1.png']
capture	Seed an example profile and capture CarPlay	2026-09-15T12:47:43.1135770Z ['/Users/runner/work/_temp/nextstop-screen-text', 'CarPlay-Captures/diagnostic-iphone-results-1.png']
capture	Seed an example profile and capture CarPlay	2026-09-15T12:47:48.1110620Z ['xcrun', 'simctl', 'io', '0B7C4EDF-27A5-4923-B51F-2516745888C1', 'screenshot', '--display=internal', 'CarPlay-Captures/iphone-results.png']
capture	Seed an example profile and capture CarPlay	2026-09-15T12:47:49.5300500Z ['/Users/runner/work/_temp/nextstop-screen-text', 'CarPlay-Captures/iphone-results.png']
capture	Seed an example profile and capture CarPlay	2026-09-15T12:47:53.4638080Z Hosted capture phase: {'display': 'internal', 'expected': ["McDonald's"], 'file': 'iphone-restaurant-place.png', 'ownerApp': 'Apple Maps', 'phase': 'iphone-restaurant-place', 'returnToAppAfterCapture': True}
capture	Seed an example profile and capture CarPlay	2026-09-15T12:47:53.4733800Z ['xcrun', 'simctl', 'io', '0B7C4EDF-27A5-4923-B51F-2516745888C1', 'screenshot', '--display=internal', 'CarPlay-Captures/diagnostic-iphone-restaurant-place-1.png']
capture	Seed an example profile and capture CarPlay	2026-09-15T12:47:57.6479930Z ['/Users/runner/work/_temp/nextstop-screen-text', 'CarPlay-Captures/diagnostic-iphone-restaurant-place-1.png']
capture	Seed an example profile and capture CarPlay	2026-09-15T12:48:20.0333440Z ['xcrun', 'simctl', 'io', '0B7C4EDF-27A5-4923-B51F-2516745888C1', 'screenshot', '--display=internal', 'CarPlay-Captures/diagnostic-iphone-restaurant-place-2.png']
capture	Seed an example profile and capture CarPlay	2026-09-15T12:48:23.3343130Z ['/Users/runner/work/_temp/nextstop-screen-text', 'CarPlay-Captures/diagnostic-iphone-restaurant-place-2.png']
capture	Seed an example profile and capture CarPlay	2026-09-15T12:48:25.5526280Z ['osascript', '-e', '\ntell application "System Events" to tell process "Simulator"\n    set frontmost to true\n    set captureWindow to first window whose name contains "nextStop CarPlay Capture" and name does not end with " – CarPlay"\n    perform action "AXRaise" of captureWindow\n    set windowPosition to position of captureWindow\n    set windowSize to size of captureWindow\n    return (item 1 of windowPosition as text) & "|" & (item 2 of windowPosition as text) & "|" & (item 1 of windowSize as text) & "|" & (item 2 of windowSize as text)\nend tell\n']
capture	Seed an example profile and capture CarPlay	2026-09-15T12:48:27.7584710Z ['screencapture', '-x', 'CarPlay-Captures/diagnostic-host-click-4.png']
capture	Seed an example profile and capture CarPlay	2026-09-15T12:48:28.5087950Z ['/Users/runner/work/_temp/nextstop-screen-text', 'CarPlay-Captures/diagnostic-host-click-4.png']
capture	Seed an example profile and capture CarPlay	2026-09-15T12:48:30.2350170Z ['/Users/runner/work/_temp/nextstop-screen-text', 'display']
capture	Seed an example profile and capture CarPlay	2026-09-15T12:48:30.2559030Z ['osascript', '-l', 'JavaScript', 'scripts/carplay-capture/mouse.jxa', '511', '482']
capture	Seed an example profile and capture CarPlay	2026-09-15T12:48:31.1737880Z ['screencapture', '-x', '-C', 'CarPlay-Captures/diagnostic-host-after-click-4.png']
capture	Seed an example profile and capture CarPlay	2026-09-15T12:48:33.3765920Z ['xcrun', 'simctl', 'io', '0B7C4EDF-27A5-4923-B51F-2516745888C1', 'screenshot', '--display=internal', 'CarPlay-Captures/diagnostic-iphone-restaurant-place-3.png']
capture	Seed an example profile and capture CarPlay	2026-09-15T12:48:40.8808620Z ['/Users/runner/work/_temp/nextstop-screen-text', 'CarPlay-Captures/diagnostic-iphone-restaurant-place-3.png']
capture	Seed an example profile and capture CarPlay	2026-09-15T12:48:46.9927110Z ['osascript', '-e', '\ntell application "System Events" to tell process "Simulator"\n    set frontmost to true\n    set captureWindow to first window whose name contains "nextStop CarPlay Capture" and name does not end with " – CarPlay"\n    perform action "AXRaise" of captureWindow\n    set windowPosition to position of captureWindow\n    set windowSize to size of captureWindow\n    return (item 1 of windowPosition as text) & "|" & (item 2 of windowPosition as text) & "|" & (item 1 of windowSize as text) & "|" & (item 2 of windowSize as text)\nend tell\n']
capture	Seed an example profile and capture CarPlay	2026-09-15T12:48:50.1950080Z ['screencapture', '-x', 'CarPlay-Captures/diagnostic-host-click-5.png']
capture	Seed an example profile and capture CarPlay	2026-09-15T12:48:51.7757950Z ['/Users/runner/work/_temp/nextstop-screen-text', 'CarPlay-Captures/diagnostic-host-click-5.png']
capture	Seed an example profile and capture CarPlay	2026-09-15T12:49:01.1410320Z ['/Users/runner/work/_temp/nextstop-screen-text', 'display']
capture	Seed an example profile and capture CarPlay	2026-09-15T12:49:01.2692700Z ['osascript', '-l', 'JavaScript', 'scripts/carplay-capture/mouse.jxa', '512', '659']
capture	Seed an example profile and capture CarPlay	2026-09-15T12:49:06.7465340Z ['screencapture', '-x', '-C', 'CarPlay-Captures/diagnostic-host-after-click-5.png']
capture	Seed an example profile and capture CarPlay	2026-09-15T12:49:10.2203240Z ['xcrun', 'simctl', 'io', '0B7C4EDF-27A5-4923-B51F-2516745888C1', 'screenshot', '--display=internal', 'CarPlay-Captures/diagnostic-iphone-restaurant-place-4.png']
capture	Seed an example profile and capture CarPlay	2026-09-15T12:49:32.0038480Z ['/Users/runner/work/_temp/nextstop-screen-text', 'CarPlay-Captures/diagnostic-iphone-restaurant-place-4.png']
capture	Seed an example profile and capture CarPlay	2026-09-15T12:49:36.3203040Z ['osascript', '-e', '\ntell application "System Events" to tell process "Simulator"\n    set frontmost to true\n    set captureWindow to first window whose name contains "nextStop CarPlay Capture" and name does not end with " – CarPlay"\n    perform action "AXRaise" of captureWindow\n    set windowPosition to position of captureWindow\n    set windowSize to size of captureWindow\n    return (item 1 of windowPosition as text) & "|" & (item 2 of windowPosition as text) & "|" & (item 1 of windowSize as text) & "|" & (item 2 of windowSize as text)\nend tell\n']
capture	Seed an example profile and capture CarPlay	2026-09-15T12:49:38.6650070Z ['screencapture', '-x', 'CarPlay-Captures/diagnostic-host-click-6.png']
capture	Seed an example profile and capture CarPlay	2026-09-15T12:49:40.0202960Z ['/Users/runner/work/_temp/nextstop-screen-text', 'CarPlay-Captures/diagnostic-host-click-6.png']
capture	Seed an example profile and capture CarPlay	2026-09-15T12:49:44.7946580Z ['/Users/runner/work/_temp/nextstop-screen-text', 'display']
capture	Seed an example profile and capture CarPlay	2026-09-15T12:49:44.8347460Z ['osascript', '-l', 'JavaScript', 'scripts/carplay-capture/mouse.jxa', '513', '659']
capture	Seed an example profile and capture CarPlay	2026-09-15T12:49:46.0304830Z ['screencapture', '-x', '-C', 'CarPlay-Captures/diagnostic-host-after-click-6.png']
capture	Seed an example profile and capture CarPlay	2026-09-15T12:49:57.9319390Z ['xcrun', 'simctl', 'io', '0B7C4EDF-27A5-4923-B51F-2516745888C1', 'screenshot', '--display=internal', 'CarPlay-Captures/diagnostic-final-internal.png']
capture	Seed an example profile and capture CarPlay	2026-09-15T12:50:05.6607220Z ['/Users/runner/work/_temp/nextstop-screen-text', 'CarPlay-Captures/diagnostic-final-internal.png']
capture	Seed an example profile and capture CarPlay	2026-09-15T12:50:08.1089030Z ['xcrun', 'simctl', 'io', '0B7C4EDF-27A5-4923-B51F-2516745888C1', 'screenshot', '--display=external', 'CarPlay-Captures/diagnostic-final-external.png']
capture	Seed an example profile and capture CarPlay	2026-09-15T12:50:08.4786640Z ['/Users/runner/work/_temp/nextstop-screen-text', 'CarPlay-Captures/diagnostic-final-external.png']
capture	Seed an example profile and capture CarPlay	2026-09-15T12:50:09.5155460Z Traceback (most recent call last):
capture	Seed an example profile and capture CarPlay	2026-09-15T12:50:09.5162190Z   File "/Users/runner/work/nextStop/nextStop/scripts/carplay-capture/results.py", line 208, in <module>
capture	Seed an example profile and capture CarPlay	2026-09-15T12:50:09.5163020Z     captures.append(capture_phase(state))
capture	Seed an example profile and capture CarPlay	2026-09-15T12:50:09.5163410Z                     ~~~~~~~~~~~~~^^^^^^^
capture	Seed an example profile and capture CarPlay	2026-09-15T12:50:09.5164180Z   File "/Users/runner/work/nextStop/nextStop/scripts/carplay-capture/results.py", line 97, in capture_phase
capture	Seed an example profile and capture CarPlay	2026-09-15T12:50:09.5164970Z     raise RuntimeError(f"Native {name} did not show {expected!r}; observed {visible}")
capture	Seed an example profile and capture CarPlay	2026-09-15T12:50:09.5179360Z RuntimeError: Native iphone-restaurant-place.png did not show ["McDonald's"]; observed 9:41 ‹ nextstop .... s «ads maps may show local ads based on your approximate location, current search terms, or view of the map while you search. for your privacy, advertising information is not linked to your apple account. about apple advertising & privacy... continue
capture	Seed an example profile and capture CarPlay	2026-09-15T12:50:09.5859870Z ##[error]Process completed with exit code 1.
capture	Preserve profile setup results	﻿2026-09-15T12:50:09.6202020Z ##[group]Run if [ -d CarPlaySetup.xcresult ]; then
capture	Preserve profile setup results	2026-09-15T12:50:09.6203090Z ^[[36;1mif [ -d CarPlaySetup.xcresult ]; then^[[0m
capture	Preserve profile setup results	2026-09-15T12:50:09.6203610Z ^[[36;1m  if [ ! -f CarPlay-Captures/Profile-Setup-Attachments/manifest.json ]; then^[[0m
capture	Preserve profile setup results	2026-09-15T12:50:09.6221550Z ^[[36;1m    xcrun xcresulttool export attachments --path CarPlaySetup.xcresult \^[[0m
capture	Preserve profile setup results	2026-09-15T12:50:09.6224830Z ^[[36;1m      --output-path CarPlay-Captures/Profile-Setup-Attachments^[[0m
capture	Preserve profile setup results	2026-09-15T12:50:09.6225720Z ^[[36;1m  fi^[[0m
capture	Preserve profile setup results	2026-09-15T12:50:09.6227550Z ^[[36;1m  xcrun xcresulttool get test-results summary --path CarPlaySetup.xcresult \^[[0m
capture	Preserve profile setup results	2026-09-15T12:50:09.6228940Z ^[[36;1m    > CarPlay-Captures/profile-test-summary.json^[[0m
capture	Preserve profile setup results	2026-09-15T12:50:09.6229450Z ^[[36;1mfi^[[0m
capture	Preserve profile setup results	2026-09-15T12:50:09.6582850Z shell: /bin/bash -e {0}
capture	Preserve profile setup results	2026-09-15T12:50:09.6583230Z env:
capture	Preserve profile setup results	2026-09-15T12:50:09.6583760Z   CARPLAY_DISPLAY_VARIANT: wide
capture	Preserve profile setup results	2026-09-15T12:50:09.6584370Z   CARPLAY_DEVICE_ID: 0B7C4EDF-27A5-4923-B51F-2516745888C1
capture	Preserve profile setup results	2026-09-15T12:50:09.6584930Z   CARPLAY_XCTESTRUN: CarPlayDerivedData/Build/Products/NextStopApp_iphonesimulator26.5-arm64.xctestrun
capture	Preserve profile setup results	2026-09-15T12:50:09.6588170Z ##[endgroup]
capture	Preserve profile setup results	2026-09-15T12:50:13.2137060Z Error: Failed to create a new result bundle reader, underlying error: Info.plist at /Users/runner/work/nextStop/nextStop/CarPlaySetup.xcresult/Info.plist does not exist, the result bundle might be corrupted or the provided path is not a result bundle
capture	Preserve profile setup results	2026-09-15T12:50:13.2138930Z Usage: xcresulttool <subcommand>
capture	Preserve profile setup results	2026-09-15T12:50:13.2139390Z   See 'xcresulttool --help' for more information.
capture	Preserve profile setup results	2026-09-15T12:50:13.2146670Z ##[error]Process completed with exit code 64.
